// Jest Snapshot v1, https://goo.gl/fbAQLP

exports[`AddUser renders a snapshot properly 1`] = `
<form
  onSubmit={[Function]}
>
  <div
    className="field"
  >
    <input
      className="input is-large"
      name="username"
      onChange={undefined}
      placeholder="Enter user name"
      required={true}
      type="text"
      value={undefined}
    />
  </div>
  <div
    className="field"
  >
    <input
      className="input is-large"
      name="firstname"
      onChange={undefined}
      placeholder="Enter first name"
      required={true}
      type="text"
      value={undefined}
    />
  </div>
  <div
    className="field"
  >
    <input
      className="input is-large"
      name="lastname"
      onChange={undefined}
      placeholder="Enter a last name"
      required={true}
      type="text"
      value={undefined}
    />
  </div>
  <div
    className="field"
  >
    <input
      className="input is-large"
      name="address"
      onChange={undefined}
      placeholder="Enter an address"
      required={true}
      type="text"
      value={undefined}
    />
  </div>
  <input
    className="button is-primary is-large is-fullwidth"
    type="submit"
    value="Submit"
  />
</form>
`;
