// Jest Snapshot v1, https://goo.gl/fbAQLP

exports[`When not authenticated {e1.formType} Form renders a snapshot properly 1`] = `
<div>
  <h1
    className="title is-1"
  >
    Login
  </h1>
  <hr />
  <br />
  <div>
    <ul
      className="validation-list"
    >
      <li
        className="error"
      >
        Username is required.
      </li>
      <li
        className="error"
      >
        Password is required.
      </li>
    </ul>
    <br />
  </div>
  <form
    onSubmit={[Function]}
  >
    <div
      className="field"
    >
      <input
        className="input is-medium"
        name="username"
        onChange={[Function]}
        placeholder="Enter username"
        required={true}
        type="text"
        value=""
      />
    </div>
    <div
      className="field"
    >
      <input
        className="input is-medium"
        name="password"
        onChange={[Function]}
        placeholder="Enter password"
        required={true}
        type="password"
        value=""
      />
    </div>
    <input
      className="button btn-primary btn-lg btn-block"
      disabled={true}
      type="submit"
      value="Submit"
    />
  </form>
</div>
`;
